                                      1 ;--------------------------------------------------------
                                      2 ; File Created by SDCC : free open source ISO C Compiler
                                      3 ; Version 4.5.0 #15242 (Linux)
                                      4 ;--------------------------------------------------------
                                      5 	.module main
                                      6 	
                                      7 	.optsdcc -mz80 sdcccall(1)
                                      8 ;--------------------------------------------------------
                                      9 ; Public variables in this module
                                     10 ;--------------------------------------------------------
                                     11 	.globl _stub_main
                                     12 	.globl _bios_gttrig
                                     13 	.globl _bios_gtstck
                                     14 	.globl _bios_snsmat
                                     15 	.globl _bios_cls
                                     16 	.globl _bios_posit
                                     17 	.globl _bios_chput
                                     18 ;--------------------------------------------------------
                                     19 ; special function registers
                                     20 ;--------------------------------------------------------
                                     21 ;--------------------------------------------------------
                                     22 ; ram data
                                     23 ;--------------------------------------------------------
                                     24 	.area _DATA
                                     25 ;--------------------------------------------------------
                                     26 ; ram data
                                     27 ;--------------------------------------------------------
                                     28 	.area _INITIALIZED
    00000000                         29 _g_mode:
    00000000                         30 	.ds 1
                                     31 ;--------------------------------------------------------
                                     32 ; absolute external ram data
                                     33 ;--------------------------------------------------------
                                     34 	.area _DABS (ABS)
                                     35 ;--------------------------------------------------------
                                     36 ; global & static initialisations
                                     37 ;--------------------------------------------------------
                                     38 	.area _HOME
                                     39 	.area _GSINIT
                                     40 	.area _GSFINAL
                                     41 	.area _GSINIT
                                     42 ;--------------------------------------------------------
                                     43 ; Home
                                     44 ;--------------------------------------------------------
                                     45 	.area _HOME
                                     46 	.area _HOME
                                     47 ;--------------------------------------------------------
                                     48 ; code
                                     49 ;--------------------------------------------------------
                                     50 	.area _CODE
                                     51 ;main.c:83: static uint16_t rd16(volatile const uint8_t *p)
                                     52 ;	---------------------------------
                                     53 ; Function rd16
                                     54 ; ---------------------------------
    00000000                         55 _rd16:
    00000000 DD E5            [15]   56 	push	ix
    00000002 DD 21 00 00      [14]   57 	ld	ix,#0
    00000006 DD 39            [15]   58 	add	ix,sp
                                     59 ;main.c:85: return (uint16_t)((uint16_t)p[0] | ((uint16_t)p[1] << 8));
    00000008 E5               [11]   60 	push	hl
    00000009 5E               [ 7]   61 	ld	e, (hl)
    0000000A 23               [ 6]   62 	inc	hl
    0000000B 56               [ 7]   63 	ld	d, (hl)
                                     64 ;main.c:86: }
    0000000C DD F9            [10]   65 	ld	sp, ix
    0000000E DD E1            [14]   66 	pop	ix
    00000010 C9               [10]   67 	ret
                                     68 ;main.c:88: static void wr16(volatile uint8_t *p, uint16_t v)
                                     69 ;	---------------------------------
                                     70 ; Function wr16
                                     71 ; ---------------------------------
    00000011                         72 _wr16:
    00000011 DD E5            [15]   73 	push	ix
    00000013 DD 21 00 00      [14]   74 	ld	ix,#0
    00000017 DD 39            [15]   75 	add	ix,sp
                                     76 ;main.c:90: p[0] = (uint8_t)(v & 0xFFu);
    00000019 E5               [11]   77 	push	hl
    0000001A 73               [ 7]   78 	ld	(hl), e
                                     79 ;main.c:91: p[1] = (uint8_t)(v >> 8);
    0000001B 23               [ 6]   80 	inc	hl
    0000001C 72               [ 7]   81 	ld	(hl), d
                                     82 ;main.c:92: }
    0000001D DD F9            [10]   83 	ld	sp, ix
    0000001F DD E1            [14]   84 	pop	ix
    00000021 C9               [10]   85 	ret
                                     86 ;main.c:94: static uint32_t rd32(volatile const uint8_t *p)
                                     87 ;	---------------------------------
                                     88 ; Function rd32
                                     89 ; ---------------------------------
    00000022                         90 _rd32:
    00000022 DD E5            [15]   91 	push	ix
    00000024 DD 21 00 00      [14]   92 	ld	ix,#0
    00000028 DD 39            [15]   93 	add	ix,sp
    0000002A FD 21 F6 FF      [14]   94 	ld	iy, #-10
    0000002E FD 39            [15]   95 	add	iy, sp
    00000030 FD F9            [10]   96 	ld	sp, iy
                                     97 ;main.c:96: return (uint32_t)p[0] | ((uint32_t)p[1] << 8)
    00000032 DD 75 FE         [19]   98 	ld	-2 (ix), l
    00000035 DD 74 FF         [19]   99 	ld	-1 (ix), h
    00000038 4D               [ 4]  100 	ld	c, l
    00000039 44               [ 4]  101 	ld	b, h
    0000003A 0A               [ 7]  102 	ld	a, (bc)
    0000003B DD 77 F6         [19]  103 	ld	-10 (ix), a
    0000003E AF               [ 4]  104 	xor	a, a
    0000003F DD 77 F7         [19]  105 	ld	-9 (ix), a
    00000042 DD 77 F8         [19]  106 	ld	-8 (ix), a
    00000045 DD 77 F9         [19]  107 	ld	-7 (ix), a
    00000048 69               [ 4]  108 	ld	l, c
    00000049 60               [ 4]  109 	ld	h, b
    0000004A 23               [ 6]  110 	inc	hl
    0000004B 5E               [ 7]  111 	ld	e, (hl)
    0000004C 16 00            [ 7]  112 	ld	d, #0x00
    0000004E 21 00 00         [10]  113 	ld	hl, #0x0000
    00000051 65               [ 4]  114 	ld	h, l
    00000052 6A               [ 4]  115 	ld	l, d
    00000053 53               [ 4]  116 	ld	d, e
    00000054 DD 7E F6         [19]  117 	ld	a, -10 (ix)
    00000057 DD 77 FA         [19]  118 	ld	-6 (ix), a
    0000005A DD 72 FB         [19]  119 	ld	-5 (ix), d
    0000005D DD 75 FC         [19]  120 	ld	-4 (ix), l
    00000060 DD 74 FD         [19]  121 	ld	-3 (ix), h
                                    122 ;main.c:97: | ((uint32_t)p[2] << 16) | ((uint32_t)p[3] << 24);
    00000063 69               [ 4]  123 	ld	l, c
    00000064 60               [ 4]  124 	ld	h, b
    00000065 23               [ 6]  125 	inc	hl
    00000066 23               [ 6]  126 	inc	hl
    00000067 6E               [ 7]  127 	ld	l, (hl)
    00000068 26 00            [ 7]  128 	ld	h, #0x00
    0000006A DD 5E FA         [19]  129 	ld	e, -6 (ix)
    0000006D DD 56 FB         [19]  130 	ld	d, -5 (ix)
    00000070 E5               [11]  131 	push	hl
    00000071 FD E1            [14]  132 	pop	iy
    00000073 21 03 00         [10]  133 	ld	hl, #3
    00000076 09               [11]  134 	add	hl, bc
    00000077 4E               [ 7]  135 	ld	c, (hl)
    00000078 FD E5            [15]  136 	push	iy
    0000007A DD 6E F4         [19]  137 	ld	l, -12 (ix)
    0000007D FD E1            [14]  138 	pop	iy
    0000007F 61               [ 4]  139 	ld	h, c
                                    140 ;main.c:98: }
    00000080 DD F9            [10]  141 	ld	sp, ix
    00000082 DD E1            [14]  142 	pop	ix
    00000084 C9               [10]  143 	ret
                                    144 ;main.c:100: static void wr32(volatile uint8_t *p, uint32_t v)
                                    145 ;	---------------------------------
                                    146 ; Function wr32
                                    147 ; ---------------------------------
    00000085                        148 _wr32:
                                    149 ;main.c:102: p[0] = (uint8_t)(v & 0xFFu);
    00000085 4D               [ 4]  150 	ld	c, l
    00000086 44               [ 4]  151 	ld	b, h
    00000087 C5               [11]  152 	push	bc
    00000088 FD 21 04 00      [14]  153 	ld	iy, #4
    0000008C FD 39            [15]  154 	add	iy, sp
    0000008E FD 7E 00         [19]  155 	ld	a, 0 (iy)
    00000091 02               [ 7]  156 	ld	(bc), a
                                    157 ;main.c:103: p[1] = (uint8_t)((v >> 8)  & 0xFFu);
    00000092 59               [ 4]  158 	ld	e, c
    00000093 50               [ 4]  159 	ld	d, b
    00000094 13               [ 6]  160 	inc	de
    00000095 FD 7E 01         [19]  161 	ld	a, 1 (iy)
    00000098 12               [ 7]  162 	ld	(de), a
                                    163 ;main.c:104: p[2] = (uint8_t)((v >> 16) & 0xFFu);
    00000099 59               [ 4]  164 	ld	e, c
    0000009A 50               [ 4]  165 	ld	d, b
    0000009B 13               [ 6]  166 	inc	de
    0000009C 13               [ 6]  167 	inc	de
    0000009D FD 7E 02         [19]  168 	ld	a, 2 (iy)
    000000A0 12               [ 7]  169 	ld	(de), a
                                    170 ;main.c:105: p[3] = (uint8_t)((v >> 24) & 0xFFu);
    000000A1 03               [ 6]  171 	inc	bc
    000000A2 03               [ 6]  172 	inc	bc
    000000A3 03               [ 6]  173 	inc	bc
    000000A4 FD 7E 03         [19]  174 	ld	a, 3 (iy)
    000000A7 02               [ 7]  175 	ld	(bc), a
                                    176 ;main.c:106: }
    000000A8 F1               [10]  177 	pop	af
    000000A9 E1               [10]  178 	pop	hl
    000000AA F1               [10]  179 	pop	af
    000000AB F1               [10]  180 	pop	af
    000000AC E9               [ 4]  181 	jp	(hl)
                                    182 ;main.c:113: void bios_chput(uint8_t c) __naked
                                    183 ;	---------------------------------
                                    184 ; Function bios_chput
                                    185 ; ---------------------------------
    000000AD                        186 _bios_chput::
                                    187 ;main.c:120: __endasm;
    000000AD 7D               [ 4]  188 	ld	a, l
    000000AE CD A2 00         [17]  189 	call	0x00A2
    000000B1 C9               [10]  190 	ret
                                    191 ;main.c:121: }
                                    192 ;main.c:127: void bios_posit(uint8_t row, uint8_t col)
                                    193 ;	---------------------------------
                                    194 ; Function bios_posit
                                    195 ; ---------------------------------
    000000B2                        196 _bios_posit::
                                    197 ;main.c:134: __endasm;
    000000B2 DD 66 04         [19]  198 	ld	h, 4(ix) ; row (first arg, IX+4)
    000000B5 DD 6E 06         [19]  199 	ld	l, 6(ix) ; col (second arg, IX+6)
    000000B8 CD C6 00         [17]  200 	call	0x00C6
                                    201 ;main.c:135: }
    000000BB C9               [10]  202 	ret
                                    203 ;main.c:138: void bios_cls(void) __naked
                                    204 ;	---------------------------------
                                    205 ; Function bios_cls
                                    206 ; ---------------------------------
    000000BC                        207 _bios_cls::
                                    208 ;main.c:143: __endasm;
    000000BC CD 9F 00         [17]  209 	call	0x009F
    000000BF C9               [10]  210 	ret
                                    211 ;main.c:144: }
                                    212 ;main.c:147: uint8_t bios_snsmat(uint8_t row) __naked
                                    213 ;	---------------------------------
                                    214 ; Function bios_snsmat
                                    215 ; ---------------------------------
    000000C0                        216 _bios_snsmat::
                                    217 ;main.c:155: __endasm;
    000000C0 5D               [ 4]  218 	ld	e, l ; row argument
    000000C1 CD 41 01         [17]  219 	call	0x0141
    000000C4 6F               [ 4]  220 	ld	l, a ; return value in L
    000000C5 C9               [10]  221 	ret
                                    222 ;main.c:156: }
                                    223 ;main.c:160: uint8_t bios_gtstck(uint8_t stick) __naked
                                    224 ;	---------------------------------
                                    225 ; Function bios_gtstck
                                    226 ; ---------------------------------
    000000C6                        227 _bios_gtstck::
                                    228 ;main.c:168: __endasm;
    000000C6 7D               [ 4]  229 	ld	a, l
    000000C7 CD D5 00         [17]  230 	call	0x00D5
    000000CA 6F               [ 4]  231 	ld	l, a
    000000CB C9               [10]  232 	ret
                                    233 ;main.c:169: }
                                    234 ;main.c:173: uint8_t bios_gttrig(uint8_t trigger) __naked
                                    235 ;	---------------------------------
                                    236 ; Function bios_gttrig
                                    237 ; ---------------------------------
    000000CC                        238 _bios_gttrig::
                                    239 ;main.c:181: __endasm;
    000000CC 7D               [ 4]  240 	ld	a, l
    000000CD CD D8 00         [17]  241 	call	0x00D8
    000000D0 6F               [ 4]  242 	ld	l, a
    000000D1 C9               [10]  243 	ret
                                    244 ;main.c:182: }
                                    245 ;main.c:191: static uint8_t peek(uint16_t addr) __naked
                                    246 ;	---------------------------------
                                    247 ; Function peek
                                    248 ; ---------------------------------
    000000D2                        249 _peek:
                                    250 ;main.c:197: __endasm;
    000000D2 6E               [ 7]  251 	ld	l, (hl) ; addr is in HL; dereference → return byte in L
    000000D3 C9               [10]  252 	ret
                                    253 ;main.c:198: }
                                    254 ;main.c:202: static uint8_t detect_msx_gen(void)
                                    255 ;	---------------------------------
                                    256 ; Function detect_msx_gen
                                    257 ; ---------------------------------
    000000D4                        258 _detect_msx_gen:
                                    259 ;main.c:204: return (uint8_t)(peek(0x002Du) & 0x03u);
    000000D4 21 2D 00         [10]  260 	ld	hl, #0x002d
    000000D7 CDrD2r00         [17]  261 	call	_peek
    000000DA E6 03            [ 7]  262 	and	a, #0x03
                                    263 ;main.c:205: }
    000000DC C9               [10]  264 	ret
                                    265 ;main.c:209: static uint8_t detect_vram_kb(void)
                                    266 ;	---------------------------------
                                    267 ; Function detect_vram_kb
                                    268 ; ---------------------------------
    000000DD                        269 _detect_vram_kb:
                                    270 ;main.c:211: uint8_t gen = detect_msx_gen();
    000000DD CDrD4r00         [17]  271 	call	_detect_msx_gen
                                    272 ;main.c:212: if (gen == 0) return 16u;  /* MSX1: always 16KB */
    000000E0 B7               [ 4]  273 	or	a, a
    000000E1 20 03            [12]  274 	jr	NZ, 00102$
    000000E3 3E 10            [ 7]  275 	ld	a, #0x10
    000000E5 C9               [10]  276 	ret
    000000E6                        277 00102$:
                                    278 ;main.c:213: return peek(0xF3AEu);
    000000E6 21 AE F3         [10]  279 	ld	hl, #0xf3ae
                                    280 ;main.c:214: }
    000000E9 C3rD2r00         [10]  281 	jp	_peek
                                    282 ;main.c:217: static uint32_t build_host_caps(uint8_t gen)
                                    283 ;	---------------------------------
                                    284 ; Function build_host_caps
                                    285 ; ---------------------------------
    000000EC                        286 _build_host_caps:
                                    287 ;main.c:219: uint32_t caps = 0;
    000000EC 11 00 00         [10]  288 	ld	de, #0x0000
                                    289 ;main.c:220: if (gen == 0) caps |= (1u << 0); /* MSX1 */
    000000EF B7               [ 4]  290 	or	a, a
    000000F0 20 03            [12]  291 	jr	NZ, 00102$
    000000F2 11 01 00         [10]  292 	ld	de, #0x0001
    000000F5                        293 00102$:
                                    294 ;main.c:221: if (gen == 1) caps |= (1u << 1); /* MSX2 */
    000000F5 FE 01            [ 7]  295 	cp	a, #0x01
    000000F7 20 02            [12]  296 	jr	NZ, 00104$
    000000F9 CB CB            [ 8]  297 	set	1, e
    000000FB                        298 00104$:
                                    299 ;main.c:222: if (gen == 2) caps |= (1u << 2); /* MSX2+ */
    000000FB FE 02            [ 7]  300 	cp	a, #0x02
    000000FD 20 02            [12]  301 	jr	NZ, 00106$
    000000FF CB D3            [ 8]  302 	set	2, e
    00000101                        303 00106$:
                                    304 ;main.c:223: if (gen == 3) caps |= (1u << 3); /* turboR */
    00000101 D6 03            [ 7]  305 	sub	a, #0x03
    00000103 20 02            [12]  306 	jr	NZ, 00108$
    00000105 CB DB            [ 8]  307 	set	3, e
    00000107                        308 00108$:
                                    309 ;main.c:224: caps |= (1u << 5);               /* BIOS kbd always available on MSX */
    00000107 CB EB            [ 8]  310 	set	5, e
    00000109 16 00            [ 7]  311 	ld	d, #0x00
    0000010B 21 00 00         [10]  312 	ld	hl, #0x0000
                                    313 ;main.c:225: return caps;
                                    314 ;main.c:226: }
    0000010E C9               [10]  315 	ret
                                    316 ;main.c:229: static uint32_t build_vdp_caps(uint8_t gen)
                                    317 ;	---------------------------------
                                    318 ; Function build_vdp_caps
                                    319 ; ---------------------------------
    0000010F                        320 _build_vdp_caps:
                                    321 ;main.c:231: uint32_t caps = (1u << 0);       /* TMS9918-compatible VRAM port writes */
    0000010F 11 01 00         [10]  322 	ld	de, #0x0001
    00000112 21 00 00         [10]  323 	ld	hl, #0x0000
                                    324 ;main.c:232: if (gen >= 2) caps |= (1u << 1); /* palette programmable (MSX2+) */
    00000115 D6 02            [ 7]  325 	sub	a, #0x02
    00000117 D8               [11]  326 	ret	C
    00000118 11 03 00         [10]  327 	ld	de, #0x0003
                                    328 ;main.c:233: return caps;
                                    329 ;main.c:234: }
    0000011B C9               [10]  330 	ret
                                    331 ;main.c:246: static void cmd_get_host_info(volatile uint8_t *data, uint16_t data_cap)
                                    332 ;	---------------------------------
                                    333 ; Function cmd_get_host_info
                                    334 ; ---------------------------------
    0000011C                        335 _cmd_get_host_info:
    0000011C DD E5            [15]  336 	push	ix
    0000011E DD 21 00 00      [14]  337 	ld	ix,#0
    00000122 DD 39            [15]  338 	add	ix,sp
    00000124 F5               [11]  339 	push	af
    00000125 3B               [ 6]  340 	dec	sp
    00000126 DD 75 FE         [19]  341 	ld	-2 (ix), l
    00000129 DD 74 FF         [19]  342 	ld	-1 (ix), h
                                    343 ;main.c:248: uint8_t gen     = detect_msx_gen();
    0000012C CDrD4r00         [17]  344 	call	_detect_msx_gen
    0000012F DD 77 FD         [19]  345 	ld	-3 (ix), a
                                    346 ;main.c:249: uint8_t vram_kb = detect_vram_kb();
    00000132 CDrDDr00         [17]  347 	call	_detect_vram_kb
    00000135 5F               [ 4]  348 	ld	e, a
                                    349 ;main.c:252: data[0] = (uint8_t)(gen + 1u);  /* 1=MSX1, 2=MSX2, ... */
    00000136 DD 4E FE         [19]  350 	ld	c, -2 (ix)
    00000139 DD 46 FF         [19]  351 	ld	b, -1 (ix)
    0000013C DD 7E FD         [19]  352 	ld	a, -3 (ix)
    0000013F 3C               [ 4]  353 	inc	a
    00000140 02               [ 7]  354 	ld	(bc), a
                                    355 ;main.c:253: data[1] = vram_kb;
    00000141 69               [ 4]  356 	ld	l, c
    00000142 60               [ 4]  357 	ld	h, b
    00000143 23               [ 6]  358 	inc	hl
    00000144 73               [ 7]  359 	ld	(hl), e
                                    360 ;main.c:254: data[2] = 40u;                  /* text_cols: 40 for MSX1 baseline */
    00000145 69               [ 4]  361 	ld	l, c
    00000146 60               [ 4]  362 	ld	h, b
    00000147 23               [ 6]  363 	inc	hl
    00000148 23               [ 6]  364 	inc	hl
    00000149 36 28            [10]  365 	ld	(hl), #0x28
                                    366 ;main.c:255: data[3] = 0u;                   /* reserved0 */
    0000014B 69               [ 4]  367 	ld	l, c
    0000014C 60               [ 4]  368 	ld	h, b
    0000014D 23               [ 6]  369 	inc	hl
    0000014E 23               [ 6]  370 	inc	hl
    0000014F 23               [ 6]  371 	inc	hl
    00000150 36 00            [10]  372 	ld	(hl), #0x00
                                    373 ;main.c:256: wr32(data + 4, build_host_caps(gen));
    00000152 C5               [11]  374 	push	bc
    00000153 DD 7E FD         [19]  375 	ld	a, -3 (ix)
    00000156 CDrECr00         [17]  376 	call	_build_host_caps
    00000159 E5               [11]  377 	push	hl
    0000015A FD E1            [14]  378 	pop	iy
    0000015C C1               [10]  379 	pop	bc
    0000015D 21 04 00         [10]  380 	ld	hl, #0x0004
    00000160 09               [11]  381 	add	hl, bc
    00000161 C5               [11]  382 	push	bc
    00000162 FD E5            [15]  383 	push	iy
    00000164 D5               [11]  384 	push	de
    00000165 CDr85r00         [17]  385 	call	_wr32
                                    386 ;main.c:257: wr32(data + 8, build_vdp_caps(gen));
    00000168 DD 7E FD         [19]  387 	ld	a, -3 (ix)
    0000016B CDr0Fr01         [17]  388 	call	_build_vdp_caps
    0000016E E5               [11]  389 	push	hl
    0000016F FD E1            [14]  390 	pop	iy
    00000171 C1               [10]  391 	pop	bc
    00000172 21 08 00         [10]  392 	ld	hl, #0x0008
    00000175 09               [11]  393 	add	hl, bc
    00000176 FD E5            [15]  394 	push	iy
    00000178 D5               [11]  395 	push	de
    00000179 CDr85r00         [17]  396 	call	_wr32
                                    397 ;main.c:260: wr32(HEADER_BASE + HDR_HOST_CAPS, build_host_caps(gen));
    0000017C DD 7E FD         [19]  398 	ld	a, -3 (ix)
    0000017F CDrECr00         [17]  399 	call	_build_host_caps
    00000182 E5               [11]  400 	push	hl
    00000183 D5               [11]  401 	push	de
    00000184 21 10 40         [10]  402 	ld	hl, #0x4010
    00000187 CDr85r00         [17]  403 	call	_wr32
                                    404 ;main.c:261: wr32(HEADER_BASE + HDR_VDP_CAPS,  build_vdp_caps(gen));
    0000018A DD 7E FD         [19]  405 	ld	a, -3 (ix)
    0000018D CDr0Fr01         [17]  406 	call	_build_vdp_caps
    00000190 E5               [11]  407 	push	hl
    00000191 D5               [11]  408 	push	de
    00000192 21 14 40         [10]  409 	ld	hl, #0x4014
    00000195 CDr85r00         [17]  410 	call	_wr32
                                    411 ;main.c:263: wr16(MAILBOX_BASE + MBX_OUT_LEN, 12u); /* sizeof(HostInfo) */
    00000198 11 0C 00         [10]  412 	ld	de, #0x000c
    0000019B 21 5A 40         [10]  413 	ld	hl, #0x405a
    0000019E CDr11r00         [17]  414 	call	_wr16
                                    415 ;main.c:264: wr16(MAILBOX_BASE + MBX_STATUS,  MENU_OK);
    000001A1 11 00 00         [10]  416 	ld	de, #0x0000
    000001A4 21 46 40         [10]  417 	ld	hl, #0x4046
    000001A7 CDr11r00         [17]  418 	call	_wr16
                                    419 ;main.c:266: (void)data_cap;
                                    420 ;main.c:267: }
    000001AA DD F9            [10]  421 	ld	sp, ix
    000001AC DD E1            [14]  422 	pop	ix
    000001AE C9               [10]  423 	ret
                                    424 ;main.c:269: static void cmd_set_mode(uint8_t mode_id)
                                    425 ;	---------------------------------
                                    426 ; Function cmd_set_mode
                                    427 ; ---------------------------------
    000001AF                        428 _cmd_set_mode:
                                    429 ;main.c:271: if (mode_id == MODE_TEXT_40) {
    000001AF B7               [ 4]  430 	or	a, a
    000001B0 20 10            [12]  431 	jr	NZ, 00102$
                                    432 ;main.c:275: __endasm;
    000001B2 CD 6C 00         [17]  433 	call	0x006C ; INITXT — initialise 40-col text mode
                                    434 ;main.c:276: g_mode = MODE_TEXT_40;
    000001B5 AF               [ 4]  435 	xor	a, a
    000001B6 32r00r00         [13]  436 	ld	(_g_mode+0), a
                                    437 ;main.c:277: wr16(MAILBOX_BASE + MBX_STATUS, MENU_OK);
    000001B9 11 00 00         [10]  438 	ld	de, #0x0000
    000001BC 21 46 40         [10]  439 	ld	hl, #0x4046
    000001BF C3r11r00         [10]  440 	jp	_wr16
    000001C2                        441 00102$:
                                    442 ;main.c:279: wr16(MAILBOX_BASE + MBX_STATUS, MENU_E_UNSUPPORTED);
    000001C2 11 01 00         [10]  443 	ld	de, #0x0001
    000001C5 21 46 40         [10]  444 	ld	hl, #0x4046
                                    445 ;main.c:281: }
    000001C8 C3r11r00         [10]  446 	jp	_wr16
                                    447 ;main.c:283: static void cmd_clear(void)
                                    448 ;	---------------------------------
                                    449 ; Function cmd_clear
                                    450 ; ---------------------------------
    000001CB                        451 _cmd_clear:
                                    452 ;main.c:285: if (g_mode != MODE_TEXT_40) {
    000001CB 3Ar00r00         [13]  453 	ld	a, (_g_mode+0)
    000001CE B7               [ 4]  454 	or	a, a
    000001CF 28 09            [12]  455 	jr	Z, 00102$
                                    456 ;main.c:286: wr16(MAILBOX_BASE + MBX_STATUS, MENU_E_BAD_STATE);
    000001D1 11 03 00         [10]  457 	ld	de, #0x0003
                                    458 ;main.c:287: return;
    000001D4 21 46 40         [10]  459 	ld	hl, #0x4046
    000001D7 C3r11r00         [10]  460 	jp	_wr16
    000001DA                        461 00102$:
                                    462 ;main.c:289: bios_cls();
    000001DA CDrBCr00         [17]  463 	call	_bios_cls
                                    464 ;main.c:290: wr16(MAILBOX_BASE + MBX_STATUS, MENU_OK);
    000001DD 11 00 00         [10]  465 	ld	de, #0x0000
    000001E0 21 46 40         [10]  466 	ld	hl, #0x4046
                                    467 ;main.c:291: }
    000001E3 C3r11r00         [10]  468 	jp	_wr16
                                    469 ;main.c:293: static void cmd_put_text(uint32_t arg0, uint32_t arg2, uint16_t in_len,
                                    470 ;	---------------------------------
                                    471 ; Function cmd_put_text
                                    472 ; ---------------------------------
    000001E6                        473 _cmd_put_text:
    000001E6 DD E5            [15]  474 	push	ix
    000001E8 DD 21 00 00      [14]  475 	ld	ix,#0
    000001EC DD 39            [15]  476 	add	ix,sp
                                    477 ;main.c:296: uint8_t  x    = (uint8_t)(arg0 & 0xFFu);
    000001EE 4B               [ 4]  478 	ld	c, e
                                    479 ;main.c:297: uint8_t  y    = (uint8_t)((arg0 >> 8) & 0xFFu);
                                    480 ;main.c:298: uint8_t  wrap = (uint8_t)(arg2 & 0x01u); /* arg2 bit 0 = wrap enable */
    000001EF DD 7E 04         [19]  481 	ld	a, 4 (ix)
    000001F2 E6 01            [ 7]  482 	and	a, #0x01
    000001F4 5F               [ 4]  483 	ld	e, a
                                    484 ;main.c:301: if (g_mode != MODE_TEXT_40) {
    000001F5 3Ar00r00         [13]  485 	ld	a, (_g_mode+0)
    000001F8 B7               [ 4]  486 	or	a, a
    000001F9 28 0B            [12]  487 	jr	Z, 00102$
                                    488 ;main.c:302: wr16(MAILBOX_BASE + MBX_STATUS, MENU_E_BAD_STATE);
    000001FB 11 03 00         [10]  489 	ld	de, #0x0003
    000001FE 21 46 40         [10]  490 	ld	hl, #0x4046
    00000201 CDr11r00         [17]  491 	call	_wr16
                                    492 ;main.c:303: return;
    00000204 18 5A            [12]  493 	jr	00114$
    00000206                        494 00102$:
                                    495 ;main.c:307: if (!wrap) {
    00000206 7B               [ 4]  496 	ld	a, e
    00000207 B7               [ 4]  497 	or	a, a
    00000208 20 1F            [12]  498 	jr	NZ, 00106$
                                    499 ;main.c:308: max_out = (x < 40u) ? (uint16_t)(40u - x) : 0u;
    0000020A 79               [ 4]  500 	ld	a, c
    0000020B D6 28            [ 7]  501 	sub	a, #0x28
    0000020D 30 06            [12]  502 	jr	NC, 00116$
    0000020F 59               [ 4]  503 	ld	e, c
    00000210 3E 28            [ 7]  504 	ld	a, #0x28
    00000212 93               [ 4]  505 	sub	a, e
    00000213 18 01            [12]  506 	jr	00117$
    00000215                        507 00116$:
    00000215 AF               [ 4]  508 	xor	a, a
    00000216                        509 00117$:
    00000216 5F               [ 4]  510 	ld	e, a
    00000217 06 00            [ 7]  511 	ld	b, #0x00
                                    512 ;main.c:309: if (in_len > max_out) in_len = (uint16_t)max_out;
    00000219 7B               [ 4]  513 	ld	a, e
    0000021A DD 96 08         [19]  514 	sub	a, 8 (ix)
    0000021D 78               [ 4]  515 	ld	a, b
    0000021E DD 9E 09         [19]  516 	sbc	a, 9 (ix)
    00000221 30 06            [12]  517 	jr	NC, 00106$
    00000223 DD 73 08         [19]  518 	ld	8 (ix), e
    00000226 DD 70 09         [19]  519 	ld	9 (ix), b
    00000229                        520 00106$:
                                    521 ;main.c:313: bios_posit((uint8_t)(y + 1u), (uint8_t)(x + 1u));
    00000229 0C               [ 4]  522 	inc	c
    0000022A 7A               [ 4]  523 	ld	a, d
    0000022B 3C               [ 4]  524 	inc	a
    0000022C 69               [ 4]  525 	ld	l, c
    0000022D CDrB2r00         [17]  526 	call	_bios_posit
                                    527 ;main.c:315: for (i = 0u; i < in_len; i++) {
    00000230 01 00 00         [10]  528 	ld	bc, #0x0000
    00000233                        529 00112$:
    00000233 79               [ 4]  530 	ld	a, c
    00000234 DD 96 08         [19]  531 	sub	a, 8 (ix)
    00000237 78               [ 4]  532 	ld	a, b
    00000238 DD 9E 09         [19]  533 	sbc	a, 9 (ix)
    0000023B 30 1A            [12]  534 	jr	NC, 00110$
                                    535 ;main.c:316: uint8_t ch = data[i];
    0000023D DD 6E 0A         [19]  536 	ld	l, 10 (ix)
    00000240 DD 66 0B         [19]  537 	ld	h, 11 (ix)
    00000243 09               [11]  538 	add	hl, bc
    00000244 7E               [ 7]  539 	ld	a, (hl)
                                    540 ;main.c:318: if (ch < 0x20u || ch > 0x7Eu) ch = 0x3Fu; /* '?' */
    00000245 FE 20            [ 7]  541 	cp	a, #0x20
    00000247 38 04            [12]  542 	jr	C, 00107$
    00000249 FE 7F            [ 7]  543 	cp	a, #0x7f
    0000024B 38 02            [12]  544 	jr	C, 00108$
    0000024D                        545 00107$:
    0000024D 3E 3F            [ 7]  546 	ld	a, #0x3f
    0000024F                        547 00108$:
                                    548 ;main.c:319: bios_chput(ch);
    0000024F C5               [11]  549 	push	bc
    00000250 CDrADr00         [17]  550 	call	_bios_chput
    00000253 C1               [10]  551 	pop	bc
                                    552 ;main.c:315: for (i = 0u; i < in_len; i++) {
    00000254 03               [ 6]  553 	inc	bc
    00000255 18 DC            [12]  554 	jr	00112$
    00000257                        555 00110$:
                                    556 ;main.c:322: wr16(MAILBOX_BASE + MBX_STATUS, MENU_OK);
    00000257 11 00 00         [10]  557 	ld	de, #0x0000
    0000025A 21 46 40         [10]  558 	ld	hl, #0x4046
    0000025D CDr11r00         [17]  559 	call	_wr16
    00000260                        560 00114$:
                                    561 ;main.c:323: }
    00000260 DD E1            [14]  562 	pop	ix
    00000262 E1               [10]  563 	pop	hl
    00000263 F1               [10]  564 	pop	af
    00000264 F1               [10]  565 	pop	af
    00000265 F1               [10]  566 	pop	af
    00000266 F1               [10]  567 	pop	af
    00000267 E9               [ 4]  568 	jp	(hl)
                                    569 ;main.c:325: static void cmd_read_input(volatile uint8_t *data, uint16_t data_cap)
                                    570 ;	---------------------------------
                                    571 ; Function cmd_read_input
                                    572 ; ---------------------------------
    00000268                        573 _cmd_read_input:
    00000268 DD E5            [15]  574 	push	ix
    0000026A DD 21 00 00      [14]  575 	ld	ix,#0
    0000026E DD 39            [15]  576 	add	ix,sp
    00000270 F5               [11]  577 	push	af
    00000271 F5               [11]  578 	push	af
    00000272 F5               [11]  579 	push	af
    00000273 DD 75 FE         [19]  580 	ld	-2 (ix), l
    00000276 DD 74 FF         [19]  581 	ld	-1 (ix), h
                                    582 ;main.c:332: if (data_cap < 16u) {
    00000279 7B               [ 4]  583 	ld	a, e
    0000027A D6 10            [ 7]  584 	sub	a, #0x10
    0000027C 7A               [ 4]  585 	ld	a, d
    0000027D DE 00            [ 7]  586 	sbc	a, #0x00
    0000027F 30 0C            [12]  587 	jr	NC, 00149$
                                    588 ;main.c:333: wr16(MAILBOX_BASE + MBX_STATUS, MENU_E_OVERFLOW);
    00000281 11 04 00         [10]  589 	ld	de, #0x0004
    00000284 21 46 40         [10]  590 	ld	hl, #0x4046
    00000287 CDr11r00         [17]  591 	call	_wr16
                                    592 ;main.c:334: return;
    0000028A C3r1Ar04         [10]  593 	jp	00146$
                                    594 ;main.c:338: for (i = 0u; i < 11u; i++) {
    0000028D                        595 00149$:
    0000028D 1E 00            [ 7]  596 	ld	e, #0x00
    0000028F                        597 00144$:
                                    598 ;main.c:339: data[i] = bios_snsmat(i);
    0000028F DD 6E FE         [19]  599 	ld	l, -2 (ix)
    00000292 DD 66 FF         [19]  600 	ld	h, -1 (ix)
    00000295 16 00            [ 7]  601 	ld	d, #0x00
    00000297 19               [11]  602 	add	hl, de
    00000298 E5               [11]  603 	push	hl
    00000299 D5               [11]  604 	push	de
    0000029A 7B               [ 4]  605 	ld	a, e
    0000029B CDrC0r00         [17]  606 	call	_bios_snsmat
    0000029E D1               [10]  607 	pop	de
    0000029F E1               [10]  608 	pop	hl
    000002A0 77               [ 7]  609 	ld	(hl), a
                                    610 ;main.c:338: for (i = 0u; i < 11u; i++) {
    000002A1 1C               [ 4]  611 	inc	e
    000002A2 7B               [ 4]  612 	ld	a, e
    000002A3 D6 0B            [ 7]  613 	sub	a, #0x0b
    000002A5 38 E8            [12]  614 	jr	C, 00144$
                                    615 ;main.c:345: joy1_dir = bios_gtstck(1u);
    000002A7 3E 01            [ 7]  616 	ld	a, #0x01
    000002A9 CDrC6r00         [17]  617 	call	_bios_gtstck
    000002AC 4F               [ 4]  618 	ld	c, a
                                    619 ;main.c:346: trig_a1  = bios_gttrig(0u); /* 0xFF=pressed, 0x00=released */
    000002AD C5               [11]  620 	push	bc
    000002AE AF               [ 4]  621 	xor	a, a
    000002AF CDrCCr00         [17]  622 	call	_bios_gttrig
    000002B2 DD 77 FB         [19]  623 	ld	-5 (ix), a
                                    624 ;main.c:347: trig_b1  = bios_gttrig(1u);
    000002B5 3E 01            [ 7]  625 	ld	a, #0x01
    000002B7 CDrCCr00         [17]  626 	call	_bios_gttrig
    000002BA DD 77 FC         [19]  627 	ld	-4 (ix), a
    000002BD C1               [10]  628 	pop	bc
                                    629 ;main.c:348: joy1 = 0xFFu;
    000002BE 1E FF            [ 7]  630 	ld	e, #0xff
                                    631 ;main.c:350: if (joy1_dir == 1u || joy1_dir == 2u || joy1_dir == 8u) joy1 &= ~(1u << 0); /* Up */
    000002C0 79               [ 4]  632 	ld	a, c
    000002C1 D6 02            [ 7]  633 	sub	a, #0x02
    000002C3 3E 01            [ 7]  634 	ld	a, #0x01
    000002C5 28 01            [12]  635 	jr	Z, 00311$
    000002C7 AF               [ 4]  636 	xor	a, a
    000002C8                        637 00311$:
    000002C8 DD 77 FD         [19]  638 	ld	-3 (ix), a
    000002CB 79               [ 4]  639 	ld	a, c
    000002CC D6 08            [ 7]  640 	sub	a, #0x08
    000002CE 3E 01            [ 7]  641 	ld	a, #0x01
    000002D0 28 01            [12]  642 	jr	Z, 00313$
    000002D2 AF               [ 4]  643 	xor	a, a
    000002D3                        644 00313$:
    000002D3 47               [ 4]  645 	ld	b, a
    000002D4 79               [ 4]  646 	ld	a, c
    000002D5 3D               [ 4]  647 	dec	a
    000002D6 28 09            [12]  648 	jr	Z, 00104$
    000002D8 DD 7E FD         [19]  649 	ld	a, -3 (ix)
    000002DB B7               [ 4]  650 	or	a, a
    000002DC 20 03            [12]  651 	jr	NZ, 00104$
    000002DE B0               [ 4]  652 	or	a, b
    000002DF 28 02            [12]  653 	jr	Z, 00105$
    000002E1                        654 00104$:
    000002E1 1E FE            [ 7]  655 	ld	e, #0xfe
    000002E3                        656 00105$:
                                    657 ;main.c:351: if (joy1_dir == 4u || joy1_dir == 5u || joy1_dir == 6u) joy1 &= ~(1u << 1); /* Down */
    000002E3 79               [ 4]  658 	ld	a, c
    000002E4 D6 04            [ 7]  659 	sub	a, #0x04
    000002E6 3E 01            [ 7]  660 	ld	a, #0x01
    000002E8 28 01            [12]  661 	jr	Z, 00316$
    000002EA AF               [ 4]  662 	xor	a, a
    000002EB                        663 00316$:
    000002EB 6F               [ 4]  664 	ld	l, a
    000002EC 79               [ 4]  665 	ld	a, c
    000002ED D6 06            [ 7]  666 	sub	a, #0x06
    000002EF 3E 01            [ 7]  667 	ld	a, #0x01
    000002F1 28 01            [12]  668 	jr	Z, 00318$
    000002F3 AF               [ 4]  669 	xor	a, a
    000002F4                        670 00318$:
    000002F4 57               [ 4]  671 	ld	d, a
    000002F5 7D               [ 4]  672 	ld	a, l
    000002F6 B7               [ 4]  673 	or	a, a
    000002F7 20 09            [12]  674 	jr	NZ, 00108$
    000002F9 79               [ 4]  675 	ld	a, c
    000002FA D6 05            [ 7]  676 	sub	a, #0x05
    000002FC 28 04            [12]  677 	jr	Z, 00108$
    000002FE 7A               [ 4]  678 	ld	a, d
    000002FF B7               [ 4]  679 	or	a, a
    00000300 28 02            [12]  680 	jr	Z, 00109$
    00000302                        681 00108$:
    00000302 CB 8B            [ 8]  682 	res	1, e
    00000304                        683 00109$:
                                    684 ;main.c:352: if (joy1_dir == 6u || joy1_dir == 7u || joy1_dir == 8u) joy1 &= ~(1u << 2); /* Left */
    00000304 7A               [ 4]  685 	ld	a, d
    00000305 B7               [ 4]  686 	or	a, a
    00000306 20 09            [12]  687 	jr	NZ, 00112$
    00000308 79               [ 4]  688 	ld	a, c
    00000309 D6 07            [ 7]  689 	sub	a, #0x07
    0000030B 28 04            [12]  690 	jr	Z, 00112$
    0000030D 78               [ 4]  691 	ld	a, b
    0000030E B7               [ 4]  692 	or	a, a
    0000030F 28 02            [12]  693 	jr	Z, 00113$
    00000311                        694 00112$:
    00000311 CB 93            [ 8]  695 	res	2, e
    00000313                        696 00113$:
                                    697 ;main.c:353: if (joy1_dir == 2u || joy1_dir == 3u || joy1_dir == 4u) joy1 &= ~(1u << 3); /* Right */
    00000313 DD 7E FD         [19]  698 	ld	a, -3 (ix)
    00000316 B7               [ 4]  699 	or	a, a
    00000317 20 09            [12]  700 	jr	NZ, 00116$
    00000319 79               [ 4]  701 	ld	a, c
    0000031A D6 03            [ 7]  702 	sub	a, #0x03
    0000031C 28 04            [12]  703 	jr	Z, 00116$
    0000031E 7D               [ 4]  704 	ld	a, l
    0000031F B7               [ 4]  705 	or	a, a
    00000320 28 02            [12]  706 	jr	Z, 00117$
    00000322                        707 00116$:
    00000322 CB 9B            [ 8]  708 	res	3, e
    00000324                        709 00117$:
                                    710 ;main.c:354: if (trig_a1 != 0u) joy1 &= ~(1u << 4); /* 0xFF=pressed → clear bit */
    00000324 DD 7E FB         [19]  711 	ld	a, -5 (ix)
    00000327 B7               [ 4]  712 	or	a, a
    00000328 28 02            [12]  713 	jr	Z, 00121$
    0000032A CB A3            [ 8]  714 	res	4, e
    0000032C                        715 00121$:
                                    716 ;main.c:355: if (trig_b1 != 0u) joy1 &= ~(1u << 5);
    0000032C DD 7E FC         [19]  717 	ld	a, -4 (ix)
    0000032F B7               [ 4]  718 	or	a, a
    00000330 28 02            [12]  719 	jr	Z, 00123$
    00000332 CB AB            [ 8]  720 	res	5, e
    00000334                        721 00123$:
                                    722 ;main.c:358: joy2_dir = bios_gtstck(2u);
    00000334 D5               [11]  723 	push	de
    00000335 3E 02            [ 7]  724 	ld	a, #0x02
    00000337 CDrC6r00         [17]  725 	call	_bios_gtstck
    0000033A D1               [10]  726 	pop	de
    0000033B 57               [ 4]  727 	ld	d, a
                                    728 ;main.c:359: trig_a2  = bios_gttrig(2u);
    0000033C D5               [11]  729 	push	de
    0000033D 3E 02            [ 7]  730 	ld	a, #0x02
    0000033F CDrCCr00         [17]  731 	call	_bios_gttrig
    00000342 DD 77 FA         [19]  732 	ld	-6 (ix), a
                                    733 ;main.c:360: trig_b2  = bios_gttrig(3u);
    00000345 3E 03            [ 7]  734 	ld	a, #0x03
    00000347 CDrCCr00         [17]  735 	call	_bios_gttrig
    0000034A 6F               [ 4]  736 	ld	l, a
    0000034B D1               [10]  737 	pop	de
                                    738 ;main.c:361: joy2 = 0xFFu;
    0000034C 0E FF            [ 7]  739 	ld	c, #0xff
                                    740 ;main.c:362: if (joy2_dir == 1u || joy2_dir == 2u || joy2_dir == 8u) joy2 &= ~(1u << 0);
    0000034E 7A               [ 4]  741 	ld	a, d
    0000034F D6 02            [ 7]  742 	sub	a, #0x02
    00000351 3E 01            [ 7]  743 	ld	a, #0x01
    00000353 28 01            [12]  744 	jr	Z, 00323$
    00000355 AF               [ 4]  745 	xor	a, a
    00000356                        746 00323$:
    00000356 DD 77 FB         [19]  747 	ld	-5 (ix), a
    00000359 7A               [ 4]  748 	ld	a, d
    0000035A D6 08            [ 7]  749 	sub	a, #0x08
    0000035C 3E 01            [ 7]  750 	ld	a, #0x01
    0000035E 28 01            [12]  751 	jr	Z, 00325$
    00000360 AF               [ 4]  752 	xor	a, a
    00000361                        753 00325$:
    00000361 DD 77 FC         [19]  754 	ld	-4 (ix), a
    00000364 7A               [ 4]  755 	ld	a, d
    00000365 3D               [ 4]  756 	dec	a
    00000366 28 0C            [12]  757 	jr	Z, 00124$
    00000368 DD 7E FB         [19]  758 	ld	a, -5 (ix)
    0000036B B7               [ 4]  759 	or	a, a
    0000036C 20 06            [12]  760 	jr	NZ, 00124$
    0000036E DD 7E FC         [19]  761 	ld	a, -4 (ix)
    00000371 B7               [ 4]  762 	or	a, a
    00000372 28 02            [12]  763 	jr	Z, 00125$
    00000374                        764 00124$:
    00000374 0E FE            [ 7]  765 	ld	c, #0xfe
    00000376                        766 00125$:
                                    767 ;main.c:363: if (joy2_dir == 4u || joy2_dir == 5u || joy2_dir == 6u) joy2 &= ~(1u << 1);
    00000376 7A               [ 4]  768 	ld	a, d
    00000377 D6 04            [ 7]  769 	sub	a, #0x04
    00000379 3E 01            [ 7]  770 	ld	a, #0x01
    0000037B 28 01            [12]  771 	jr	Z, 00328$
    0000037D AF               [ 4]  772 	xor	a, a
    0000037E                        773 00328$:
    0000037E DD 77 FD         [19]  774 	ld	-3 (ix), a
    00000381 7A               [ 4]  775 	ld	a, d
    00000382 D6 06            [ 7]  776 	sub	a, #0x06
    00000384 3E 01            [ 7]  777 	ld	a, #0x01
    00000386 28 01            [12]  778 	jr	Z, 00330$
    00000388 AF               [ 4]  779 	xor	a, a
    00000389                        780 00330$:
    00000389 47               [ 4]  781 	ld	b, a
    0000038A DD 7E FD         [19]  782 	ld	a, -3 (ix)
    0000038D B7               [ 4]  783 	or	a, a
    0000038E 20 09            [12]  784 	jr	NZ, 00128$
    00000390 7A               [ 4]  785 	ld	a, d
    00000391 D6 05            [ 7]  786 	sub	a, #0x05
    00000393 28 04            [12]  787 	jr	Z, 00128$
    00000395 78               [ 4]  788 	ld	a, b
    00000396 B7               [ 4]  789 	or	a, a
    00000397 28 02            [12]  790 	jr	Z, 00129$
    00000399                        791 00128$:
    00000399 CB 89            [ 8]  792 	res	1, c
    0000039B                        793 00129$:
                                    794 ;main.c:364: if (joy2_dir == 6u || joy2_dir == 7u || joy2_dir == 8u) joy2 &= ~(1u << 2);
    0000039B 78               [ 4]  795 	ld	a, b
    0000039C B7               [ 4]  796 	or	a, a
    0000039D 20 0B            [12]  797 	jr	NZ, 00132$
    0000039F 7A               [ 4]  798 	ld	a, d
    000003A0 D6 07            [ 7]  799 	sub	a, #0x07
    000003A2 28 06            [12]  800 	jr	Z, 00132$
    000003A4 DD 7E FC         [19]  801 	ld	a, -4 (ix)
    000003A7 B7               [ 4]  802 	or	a, a
    000003A8 28 02            [12]  803 	jr	Z, 00133$
    000003AA                        804 00132$:
    000003AA CB 91            [ 8]  805 	res	2, c
    000003AC                        806 00133$:
                                    807 ;main.c:365: if (joy2_dir == 2u || joy2_dir == 3u || joy2_dir == 4u) joy2 &= ~(1u << 3);
    000003AC DD 7E FB         [19]  808 	ld	a, -5 (ix)
    000003AF B7               [ 4]  809 	or	a, a
    000003B0 20 0B            [12]  810 	jr	NZ, 00136$
    000003B2 7A               [ 4]  811 	ld	a, d
    000003B3 D6 03            [ 7]  812 	sub	a, #0x03
    000003B5 28 06            [12]  813 	jr	Z, 00136$
    000003B7 DD 7E FD         [19]  814 	ld	a, -3 (ix)
    000003BA B7               [ 4]  815 	or	a, a
    000003BB 28 02            [12]  816 	jr	Z, 00137$
    000003BD                        817 00136$:
    000003BD CB 99            [ 8]  818 	res	3, c
    000003BF                        819 00137$:
                                    820 ;main.c:366: if (trig_a2 != 0u) joy2 &= ~(1u << 4);
    000003BF DD 7E FA         [19]  821 	ld	a, -6 (ix)
    000003C2 B7               [ 4]  822 	or	a, a
    000003C3 28 02            [12]  823 	jr	Z, 00141$
    000003C5 CB A1            [ 8]  824 	res	4, c
    000003C7                        825 00141$:
                                    826 ;main.c:367: if (trig_b2 != 0u) joy2 &= ~(1u << 5);
    000003C7 7D               [ 4]  827 	ld	a, l
    000003C8 B7               [ 4]  828 	or	a, a
    000003C9 28 02            [12]  829 	jr	Z, 00143$
    000003CB CB A9            [ 8]  830 	res	5, c
    000003CD                        831 00143$:
                                    832 ;main.c:369: data[11] = joy1;
    000003CD DD 7E FE         [19]  833 	ld	a, -2 (ix)
    000003D0 C6 0B            [ 7]  834 	add	a, #0x0b
    000003D2 6F               [ 4]  835 	ld	l, a
    000003D3 DD 7E FF         [19]  836 	ld	a, -1 (ix)
    000003D6 CE 00            [ 7]  837 	adc	a, #0x00
    000003D8 67               [ 4]  838 	ld	h, a
    000003D9 73               [ 7]  839 	ld	(hl), e
                                    840 ;main.c:370: data[12] = joy2;
    000003DA DD 6E FE         [19]  841 	ld	l, -2 (ix)
    000003DD DD 66 FF         [19]  842 	ld	h, -1 (ix)
    000003E0 11 0C 00         [10]  843 	ld	de, #0x000c
    000003E3 19               [11]  844 	add	hl, de
    000003E4 71               [ 7]  845 	ld	(hl), c
                                    846 ;main.c:371: data[13] = 0u;
    000003E5 DD 6E FE         [19]  847 	ld	l, -2 (ix)
    000003E8 DD 66 FF         [19]  848 	ld	h, -1 (ix)
    000003EB 11 0D 00         [10]  849 	ld	de, #0x000d
    000003EE 19               [11]  850 	add	hl, de
    000003EF 36 00            [10]  851 	ld	(hl), #0x00
                                    852 ;main.c:372: data[14] = 0u;
    000003F1 DD 6E FE         [19]  853 	ld	l, -2 (ix)
    000003F4 DD 66 FF         [19]  854 	ld	h, -1 (ix)
    000003F7 11 0E 00         [10]  855 	ld	de, #0x000e
    000003FA 19               [11]  856 	add	hl, de
    000003FB 36 00            [10]  857 	ld	(hl), #0x00
                                    858 ;main.c:373: data[15] = 0u;
    000003FD DD 6E FE         [19]  859 	ld	l, -2 (ix)
    00000400 DD 66 FF         [19]  860 	ld	h, -1 (ix)
    00000403 11 0F 00         [10]  861 	ld	de, #0x000f
    00000406 19               [11]  862 	add	hl, de
                                    863 ;main.c:375: wr16(MAILBOX_BASE + MBX_OUT_LEN, 16u); /* sizeof(InputSnapshot) */
    00000407 11 10 00         [10]  864 	ld	de, #0x0010
    0000040A 72               [ 7]  865 	ld	(hl), d
    0000040B 21 5A 40         [10]  866 	ld	hl, #0x405a
    0000040E CDr11r00         [17]  867 	call	_wr16
                                    868 ;main.c:376: wr16(MAILBOX_BASE + MBX_STATUS,  MENU_OK);
    00000411 11 00 00         [10]  869 	ld	de, #0x0000
    00000414 21 46 40         [10]  870 	ld	hl, #0x4046
    00000417 CDr11r00         [17]  871 	call	_wr16
    0000041A                        872 00146$:
                                    873 ;main.c:377: }
    0000041A DD F9            [10]  874 	ld	sp, ix
    0000041C DD E1            [14]  875 	pop	ix
    0000041E C9               [10]  876 	ret
                                    877 ;main.c:379: static void cmd_idle(uint32_t arg0)
                                    878 ;	---------------------------------
                                    879 ; Function cmd_idle
                                    880 ; ---------------------------------
    0000041F                        881 _cmd_idle:
                                    882 ;main.c:384: uint16_t ms = (uint16_t)(arg0 & 0xFFFFu);
                                    883 ;main.c:386: for (i = 0u; i < ms; i++) {
    0000041F 01 00 00         [10]  884 	ld	bc, #0x0000
    00000422                        885 00107$:
    00000422 79               [ 4]  886 	ld	a, c
    00000423 93               [ 4]  887 	sub	a, e
    00000424 78               [ 4]  888 	ld	a, b
    00000425 9A               [ 4]  889 	sbc	a, d
    00000426 30 0C            [12]  890 	jr	NC, 00102$
                                    891 ;main.c:387: for (j = 0u; j < 875u; j++) {
    00000428 21 6B 03         [10]  892 	ld	hl, #0x036b
    0000042B                        893 00105$:
                                    894 ;main.c:391: __endasm;
    0000042B 00               [ 4]  895 	nop
    0000042C 2B               [ 6]  896 	dec	hl
                                    897 ;main.c:387: for (j = 0u; j < 875u; j++) {
    0000042D 7C               [ 4]  898 	ld	a, h
    0000042E B5               [ 4]  899 	or	a, l
    0000042F 20 FA            [12]  900 	jr	NZ, 00105$
                                    901 ;main.c:386: for (i = 0u; i < ms; i++) {
    00000431 03               [ 6]  902 	inc	bc
    00000432 18 EE            [12]  903 	jr	00107$
    00000434                        904 00102$:
                                    905 ;main.c:394: wr16(MAILBOX_BASE + MBX_STATUS, MENU_OK);
    00000434 11 00 00         [10]  906 	ld	de, #0x0000
    00000437 21 46 40         [10]  907 	ld	hl, #0x4046
                                    908 ;main.c:395: }
    0000043A C3r11r00         [10]  909 	jp	_wr16
                                    910 ;main.c:401: void stub_main(void)
                                    911 ;	---------------------------------
                                    912 ; Function stub_main
                                    913 ; ---------------------------------
    0000043D                        914 _stub_main::
    0000043D DD E5            [15]  915 	push	ix
    0000043F DD 21 00 00      [14]  916 	ld	ix,#0
    00000443 DD 39            [15]  917 	add	ix,sp
    00000445 21 FA FF         [10]  918 	ld	hl, #-6
    00000448 39               [11]  919 	add	hl, sp
    00000449 F9               [ 6]  920 	ld	sp, hl
                                    921 ;main.c:403: uint8_t gen = detect_msx_gen();
    0000044A CDrD4r00         [17]  922 	call	_detect_msx_gen
    0000044D 4F               [ 4]  923 	ld	c, a
                                    924 ;main.c:416: __endasm;
    0000044E CD 6C 00         [17]  925 	call	0x006C ; INITXT — 40-col text mode
                                    926 ;main.c:417: g_mode = MODE_TEXT_40;
    00000451 AF               [ 4]  927 	xor	a, a
    00000452 32r00r00         [13]  928 	ld	(_g_mode+0), a
                                    929 ;main.c:419: wr32(HEADER_BASE + HDR_HOST_CAPS, build_host_caps(gen));
    00000455 C5               [11]  930 	push	bc
    00000456 79               [ 4]  931 	ld	a, c
    00000457 CDrECr00         [17]  932 	call	_build_host_caps
    0000045A E5               [11]  933 	push	hl
    0000045B D5               [11]  934 	push	de
    0000045C 21 10 40         [10]  935 	ld	hl, #0x4010
    0000045F CDr85r00         [17]  936 	call	_wr32
    00000462 C1               [10]  937 	pop	bc
                                    938 ;main.c:420: wr32(HEADER_BASE + HDR_VDP_CAPS,  build_vdp_caps(gen));
    00000463 79               [ 4]  939 	ld	a, c
    00000464 CDr0Fr01         [17]  940 	call	_build_vdp_caps
    00000467 E5               [11]  941 	push	hl
    00000468 D5               [11]  942 	push	de
    00000469 21 14 40         [10]  943 	ld	hl, #0x4014
    0000046C CDr85r00         [17]  944 	call	_wr32
                                    945 ;main.c:423: while (1) {
    0000046F                        946 00116$:
                                    947 ;main.c:424: uint16_t cmd_seq  = rd16(MAILBOX_BASE + MBX_CMD_SEQ);
    0000046F 21 40 40         [10]  948 	ld	hl, #0x4040
    00000472 CDr00r00         [17]  949 	call	_rd16
                                    950 ;main.c:425: uint16_t resp_seq = rd16(MAILBOX_BASE + MBX_RESP_SEQ);
    00000475 D5               [11]  951 	push	de
    00000476 21 42 40         [10]  952 	ld	hl, #0x4042
    00000479 CDr00r00         [17]  953 	call	_rd16
    0000047C EB               [ 4]  954 	ex	de, hl
    0000047D D1               [10]  955 	pop	de
                                    956 ;main.c:427: if (cmd_seq == resp_seq) {
    0000047E BF               [ 4]  957 	cp	a, a
    0000047F ED 52            [15]  958 	sbc	hl, de
    00000481 28 EC            [12]  959 	jr	Z, 00116$
                                    960 ;main.c:432: uint16_t cmd_id = rd16(MAILBOX_BASE + MBX_CMD_ID);
    00000483 D5               [11]  961 	push	de
    00000484 21 44 40         [10]  962 	ld	hl, #0x4044
    00000487 CDr00r00         [17]  963 	call	_rd16
    0000048A 4B               [ 4]  964 	ld	c, e
    0000048B 42               [ 4]  965 	ld	b, d
    0000048C D1               [10]  966 	pop	de
                                    967 ;main.c:433: uint32_t arg0   = rd32(MAILBOX_BASE + MBX_ARG0);
    0000048D C5               [11]  968 	push	bc
    0000048E D5               [11]  969 	push	de
    0000048F 21 48 40         [10]  970 	ld	hl, #0x4048
    00000492 CDr22r00         [17]  971 	call	_rd32
    00000495 DD 73 FA         [19]  972 	ld	-6 (ix), e
    00000498 DD 72 FB         [19]  973 	ld	-5 (ix), d
    0000049B DD 75 FC         [19]  974 	ld	-4 (ix), l
    0000049E DD 74 FD         [19]  975 	ld	-3 (ix), h
                                    976 ;main.c:434: uint16_t in_len = rd16(MAILBOX_BASE + MBX_IN_LEN);
    000004A1 21 58 40         [10]  977 	ld	hl, #0x4058
    000004A4 CDr00r00         [17]  978 	call	_rd16
    000004A7 DD 73 FE         [19]  979 	ld	-2 (ix), e
    000004AA DD 72 FF         [19]  980 	ld	-1 (ix), d
    000004AD D1               [10]  981 	pop	de
    000004AE C1               [10]  982 	pop	bc
                                    983 ;main.c:437: if (in_len > DATA_LEN) {
    000004AF DD 6E FE         [19]  984 	ld	l, -2 (ix)
    000004B2 DD 66 FF         [19]  985 	ld	h, -1 (ix)
    000004B5 AF               [ 4]  986 	xor	a, a
    000004B6 BD               [ 4]  987 	cp	a, l
    000004B7 3E 3F            [ 7]  988 	ld	a, #0x3f
    000004B9 9C               [ 4]  989 	sbc	a, h
    000004BA 30 13            [12]  990 	jr	NC, 00104$
                                    991 ;main.c:438: wr16(MAILBOX_BASE + MBX_STATUS, MENU_E_OVERFLOW);
    000004BC D5               [11]  992 	push	de
    000004BD 11 04 00         [10]  993 	ld	de, #0x0004
    000004C0 21 46 40         [10]  994 	ld	hl, #0x4046
    000004C3 CDr11r00         [17]  995 	call	_wr16
    000004C6 D1               [10]  996 	pop	de
                                    997 ;main.c:439: wr16(MAILBOX_BASE + MBX_RESP_SEQ, cmd_seq);
    000004C7 21 42 40         [10]  998 	ld	hl, #0x4042
    000004CA CDr11r00         [17]  999 	call	_wr16
                                   1000 ;main.c:440: continue;
    000004CD 18 A0            [12] 1001 	jr	00116$
    000004CF                       1002 00104$:
                                   1003 ;main.c:444: switch (cmd_id) {
    000004CF 3E 0B            [ 7] 1004 	ld	a, #0x0b
    000004D1 B9               [ 4] 1005 	cp	a, c
    000004D2 3E 00            [ 7] 1006 	ld	a, #0x00
    000004D4 98               [ 4] 1007 	sbc	a, b
    000004D5 DAr85r05         [10] 1008 	jp	C, 00113$
    000004D8 21rE2r04         [10] 1009 	ld	hl, #00149$
    000004DB 09               [11] 1010 	add	hl, bc
    000004DC 09               [11] 1011 	add	hl, bc
    000004DD 4E               [ 7] 1012 	ld	c, (hl)
    000004DE 23               [ 6] 1013 	inc	hl
    000004DF 66               [ 7] 1014 	ld	h, (hl)
    000004E0 69               [ 4] 1015 	ld	l, c
    000004E1 E9               [ 4] 1016 	jp	(hl)
    000004E2                       1017 00149$:
    000004E2rFAr04                 1018 	.dw	00105$
    000004E4r08r05                 1019 	.dw	00106$
    000004E6r15r05                 1020 	.dw	00107$
    000004E8r1Fr05                 1021 	.dw	00108$
    000004EAr26r05                 1022 	.dw	00109$
    000004ECr50r05                 1023 	.dw	00110$
    000004EEr85r05                 1024 	.dw	00113$
    000004F0r85r05                 1025 	.dw	00113$
    000004F2r85r05                 1026 	.dw	00113$
    000004F4r85r05                 1027 	.dw	00113$
    000004F6r5Dr05                 1028 	.dw	00111$
    000004F8r6Dr05                 1029 	.dw	00112$
                                   1030 ;main.c:445: case CMD_NOP:
    000004FA                       1031 00105$:
                                   1032 ;main.c:446: wr16(MAILBOX_BASE + MBX_STATUS, MENU_OK);
    000004FA D5               [11] 1033 	push	de
    000004FB 11 00 00         [10] 1034 	ld	de, #0x0000
    000004FE 21 46 40         [10] 1035 	ld	hl, #0x4046
    00000501 CDr11r00         [17] 1036 	call	_wr16
    00000504 D1               [10] 1037 	pop	de
                                   1038 ;main.c:447: break;
    00000505 C3r90r05         [10] 1039 	jp	00114$
                                   1040 ;main.c:449: case CMD_GET_HOST_INFO:
    00000508                       1041 00106$:
                                   1042 ;main.c:450: cmd_get_host_info(DATA_BASE, DATA_LEN);
    00000508 D5               [11] 1043 	push	de
    00000509 11 00 3F         [10] 1044 	ld	de, #0x3f00
    0000050C 21 00 41         [10] 1045 	ld	hl, #0x4100
    0000050F CDr1Cr01         [17] 1046 	call	_cmd_get_host_info
    00000512 D1               [10] 1047 	pop	de
                                   1048 ;main.c:451: break;
    00000513 18 7B            [12] 1049 	jr	00114$
                                   1050 ;main.c:453: case CMD_SET_MODE:
    00000515                       1051 00107$:
                                   1052 ;main.c:454: cmd_set_mode((uint8_t)(arg0 & 0xFFu));
    00000515 DD 7E FA         [19] 1053 	ld	a, -6 (ix)
    00000518 D5               [11] 1054 	push	de
    00000519 CDrAFr01         [17] 1055 	call	_cmd_set_mode
    0000051C D1               [10] 1056 	pop	de
                                   1057 ;main.c:455: break;
    0000051D 18 71            [12] 1058 	jr	00114$
                                   1059 ;main.c:457: case CMD_CLEAR:
    0000051F                       1060 00108$:
                                   1061 ;main.c:458: cmd_clear();
    0000051F D5               [11] 1062 	push	de
    00000520 CDrCBr01         [17] 1063 	call	_cmd_clear
    00000523 D1               [10] 1064 	pop	de
                                   1065 ;main.c:459: break;
    00000524 18 6A            [12] 1066 	jr	00114$
                                   1067 ;main.c:461: case CMD_PUT_TEXT: {
    00000526                       1068 00109$:
                                   1069 ;main.c:462: uint32_t arg2 = rd32(MAILBOX_BASE + MBX_ARG2);
    00000526 D5               [11] 1070 	push	de
    00000527 21 50 40         [10] 1071 	ld	hl, #0x4050
    0000052A CDr22r00         [17] 1072 	call	_rd32
    0000052D D5               [11] 1073 	push	de
    0000052E FD E1            [14] 1074 	pop	iy
                                   1075 ;main.c:463: cmd_put_text(arg0, arg2, in_len, DATA_BASE);
    00000530 01 00 41         [10] 1076 	ld	bc, #0x4100
    00000533 C5               [11] 1077 	push	bc
    00000534 DD 4E FE         [19] 1078 	ld	c, -2 (ix)
    00000537 DD 46 FF         [19] 1079 	ld	b, -1 (ix)
    0000053A C5               [11] 1080 	push	bc
    0000053B E5               [11] 1081 	push	hl
    0000053C FD E5            [15] 1082 	push	iy
    0000053E DD 5E FA         [19] 1083 	ld	e, -6 (ix)
    00000541 DD 56 FB         [19] 1084 	ld	d, -5 (ix)
    00000544 DD 6E FC         [19] 1085 	ld	l, -4 (ix)
    00000547 DD 66 FD         [19] 1086 	ld	h, -3 (ix)
    0000054A CDrE6r01         [17] 1087 	call	_cmd_put_text
    0000054D D1               [10] 1088 	pop	de
                                   1089 ;main.c:464: break;
    0000054E 18 40            [12] 1090 	jr	00114$
                                   1091 ;main.c:467: case CMD_READ_INPUT:
    00000550                       1092 00110$:
                                   1093 ;main.c:468: cmd_read_input(DATA_BASE, DATA_LEN);
    00000550 D5               [11] 1094 	push	de
    00000551 11 00 3F         [10] 1095 	ld	de, #0x3f00
    00000554 21 00 41         [10] 1096 	ld	hl, #0x4100
    00000557 CDr68r02         [17] 1097 	call	_cmd_read_input
    0000055A D1               [10] 1098 	pop	de
                                   1099 ;main.c:469: break;
    0000055B 18 33            [12] 1100 	jr	00114$
                                   1101 ;main.c:471: case CMD_IDLE:
    0000055D                       1102 00111$:
                                   1103 ;main.c:472: cmd_idle(arg0);
    0000055D EB               [ 4] 1104 	ex	de,hl
    0000055E D1               [10] 1105 	pop	de
    0000055F D5               [11] 1106 	push	de
    00000560 E5               [11] 1107 	push	hl
    00000561 DD 6E FC         [19] 1108 	ld	l, -4 (ix)
    00000564 DD 66 FD         [19] 1109 	ld	h, -3 (ix)
    00000567 CDr1Fr04         [17] 1110 	call	_cmd_idle
    0000056A D1               [10] 1111 	pop	de
                                   1112 ;main.c:473: break;
    0000056B 18 23            [12] 1113 	jr	00114$
                                   1114 ;main.c:475: case CMD_LAUNCH:
    0000056D                       1115 00112$:
                                   1116 ;main.c:481: wr16(MAILBOX_BASE + MBX_STATUS,   MENU_OK);
    0000056D D5               [11] 1117 	push	de
    0000056E 11 00 00         [10] 1118 	ld	de, #0x0000
    00000571 21 46 40         [10] 1119 	ld	hl, #0x4046
    00000574 CDr11r00         [17] 1120 	call	_wr16
    00000577 D1               [10] 1121 	pop	de
                                   1122 ;main.c:482: wr16(MAILBOX_BASE + MBX_RESP_SEQ, cmd_seq);
    00000578 D5               [11] 1123 	push	de
    00000579 21 42 40         [10] 1124 	ld	hl, #0x4042
    0000057C CDr11r00         [17] 1125 	call	_wr16
    0000057F D1               [10] 1126 	pop	de
                                   1127 ;main.c:485: __endasm;
    00000580 C3 00 00         [10] 1128 	jp	0x0000
                                   1129 ;main.c:486: break; /* unreachable; suppresses SDCC fallthrough warning */
    00000583 18 0B            [12] 1130 	jr	00114$
                                   1131 ;main.c:488: default:
    00000585                       1132 00113$:
                                   1133 ;main.c:489: wr16(MAILBOX_BASE + MBX_STATUS, MENU_E_UNSUPPORTED);
    00000585 D5               [11] 1134 	push	de
    00000586 11 01 00         [10] 1135 	ld	de, #0x0001
    00000589 21 46 40         [10] 1136 	ld	hl, #0x4046
    0000058C CDr11r00         [17] 1137 	call	_wr16
    0000058F D1               [10] 1138 	pop	de
                                   1139 ;main.c:491: }
    00000590                       1140 00114$:
                                   1141 ;main.c:494: wr16(MAILBOX_BASE + MBX_RESP_SEQ, cmd_seq);
    00000590 21 42 40         [10] 1142 	ld	hl, #0x4042
    00000593 CDr11r00         [17] 1143 	call	_wr16
                                   1144 ;main.c:496: }
    00000596 C3r6Fr04         [10] 1145 	jp	00116$
                                   1146 	.area _CODE
                                   1147 	.area _INITIALIZER
    00000000                       1148 __xinit__g_mode:
    00000000 00                    1149 	.db #0x00	; 0
                                   1150 	.area _CABS (ABS)
